       0       0       0 tests/inputs/empty.txt
       0       9      44 tests/inputs/fox.txt
       3      29     172 tests/inputs/atlamal.txt
       3      38     216 total
