       0 tests/inputs/empty.txt
      44 tests/inputs/fox.txt
     154 tests/inputs/atlamal.txt
     198 total
