       0 tests/inputs/empty.txt
      44 tests/inputs/fox.txt
     172 tests/inputs/atlamal.txt
     216 total
