       0 tests/inputs/empty.txt
       0 tests/inputs/fox.txt
       3 tests/inputs/atlamal.txt
       3 total
