       0       0 tests/inputs/empty.txt
       0       9 tests/inputs/fox.txt
       3      29 tests/inputs/atlamal.txt
       3      38 total
