       0       0 tests/inputs/empty.txt
       9      44 tests/inputs/fox.txt
      29     154 tests/inputs/atlamal.txt
      38     198 total
