       3      29     154 tests/inputs/atlamal.txt
